                                                           The SAS System                         17:09 Friday, January 24, 2025   1

                 Obs    Parm             Estimate      Stderr     LowerCL     UpperCL          Z     ProbZ     var

                  1     Intercept        105.9799      0.0976    105.7887    106.1712    1086.25    <.0001    added
                  2     x17               -1.5934      0.0230     -1.6386     -1.5483     -69.16    <.0001    added
                  3     x12                8.6968      0.0235      8.6507      8.7429     369.84    <.0001    added
                  4     x18               -7.9049      0.0270     -7.9578     -7.8520    -292.67    <.0001    added
                  5     y_bmi              0.0680      0.0008      0.0665      0.0696      85.50    <.0001    added
                  6     age_strat_new     -5.1666      0.0352     -5.2356     -5.0976    -146.70    <.0001    added
                  7     x6                 5.8287      0.0014      5.8259      5.8314    4181.62    <.0001    added
