                                                           The SAS System                          16:29 Saturday, June 14, 2025   1

                                                                                                   Relative
                                             Empirical   Relative                                     SE                  P(reject
 Effect          True Value       Estimate      Bias       Bias     Empirical SE   Estimated SE   difference   Coverage      H0)

 Intercept           106.81     107.430970     0.61851    0.00579       1.336281       1.456576     0.09002      0.92         0   
 age_strat_new        -4.80      -4.705644     0.09364   -0.01951       0.582964       0.606420     0.04023      0.99         0   
 x12                   8.70       8.705725     0.00352    0.00040       0.342788       0.365631     0.06664      0.96         0   
 x17                  -1.58      -1.791643    -0.21102    0.13350       0.334523       0.364366     0.08921      0.93         0   
 x18                  -7.78      -7.831455    -0.05503    0.00708       0.481376       0.452171    -0.06067      0.93         0   
 x6                    5.86       5.845658    -0.01875   -0.00320       0.020070       0.022561     0.12413      0.92         0   
 y_bmi                 0.03       0.042946     0.01084    0.33753       0.014389       0.015811     0.09883      0.90         0   
                                                           The SAS System                          16:29 Saturday, June 14, 2025   2

                                                                                                    Relative
                                             Empirical    Relative                                     SE                  P(reject
 Effect          True Value       Estimate      Bias        Bias     Empirical SE   Estimated SE   difference   Coverage      H0)

 Intercept           107.08     107.152599    0.075191    0.000702       1.345201       1.369402     0.01799      0.95         0   
 age_strat_new        -4.77      -4.749600    0.019041   -0.003993       0.519002       0.530630     0.02240      0.97         0   
 x12                   8.70       8.679072   -0.017626   -0.002027       0.316088       0.307574    -0.02694      0.92         0   
 x17                  -1.61      -1.613427   -0.003133    0.001945       0.328979       0.331785     0.00853      0.97         0   
 x18                  -7.92      -7.974389   -0.059213    0.007481       0.414239       0.384860    -0.07092      0.94         0   
 x6                    5.87       5.862483   -0.005656   -0.000964       0.020796       0.024055     0.15674      0.96         0   
 y_bmi                 0.03       0.026989   -0.001428   -0.050236       0.017055       0.017785     0.04280      0.95         0   
                                                           The SAS System                          16:29 Saturday, June 14, 2025   3

                                                                                                   Relative
                                             Empirical   Relative                                     SE                  P(reject
 Effect          True Value       Estimate      Bias       Bias     Empirical SE   Estimated SE   difference   Coverage      H0)

 Intercept           106.81     107.567275     0.75482    0.00707       1.332768       1.450930     0.088658     0.92         0   
 age_strat_new        -4.80      -4.593461     0.20582   -0.04289       0.582282       0.603593     0.036599     0.94         0   
 x12                   8.70       8.700936    -0.00127   -0.00015       0.343308       0.365109     0.063501     0.96         0   
 x17                  -1.58      -1.845940    -0.26531    0.16785       0.335212       0.363344     0.083921     0.91         0   
 x18                  -7.78      -7.848220    -0.07179    0.00923       0.479627       0.451530    -0.058582     0.92         0   
 x6                    5.86       5.846511    -0.01790   -0.00305       0.020317       0.022153     0.090368     0.92         0   
 y_bmi                 0.03       0.043422     0.01131    0.35234       0.014314       0.015323     0.070514     0.90         0   
                                                           The SAS System                          16:29 Saturday, June 14, 2025   4

                                                                                                    Relative
                                             Empirical    Relative                                     SE                  P(reject
 Effect          True Value       Estimate      Bias        Bias     Empirical SE   Estimated SE   difference   Coverage      H0)

 Intercept           107.08     107.280265     0.20286    0.001894       1.333400       1.364637     0.02343      0.95         0   
 age_strat_new        -4.77      -4.640872     0.12777   -0.026794       0.514895       0.528004     0.02546      0.96         0   
 x12                   8.70       8.673585    -0.02311   -0.002658       0.316627       0.307284    -0.02951      0.92         0   
 x17                  -1.61      -1.665103    -0.05481    0.034036       0.328439       0.330893     0.00747      0.96         0   
 x18                  -7.92      -7.993243    -0.07807    0.009863       0.411018       0.384353    -0.06488      0.92         0   
 x6                    5.87       5.863350    -0.00479   -0.000816       0.021052       0.023703     0.12596      0.97         0   
 y_bmi                 0.03       0.027441    -0.00098   -0.034322       0.017047       0.017470     0.02480      0.96         0   
