                                            The SAS System           22:59 Saturday, June 14, 2025   1

 
                                                                Empirical    Relative
                 Effect           True Value        Estimate       Bias        Bias

                 age_strat_new         -4.80       -5.405679     -0.60640     0.12635
                 intercept            106.81      106.356014     -0.45644    -0.00427
                 x12                    8.70        8.823746      0.12154     0.01397
                 x17                   -1.58       -1.331511      0.24912    -0.15761
                 x18                   -7.78       -7.890920     -0.11449     0.01472
                 x6                     5.86        5.866288      0.00188     0.00032
                 y_bmi                  0.03        0.037447      0.00534     0.16625

                                                  Relative
                                                     SE                    P(reject
                 Empirical SE    Estimated SE    difference    Coverage       H0)

                     1.896293        1.645277     -0.13237       0.94          0   
                     4.706782        4.105714     -0.12770       0.94          0   
                     0.701272        0.742296      0.05850       0.94          0   
                     1.217219        0.999786     -0.17863       0.92          0   
                     1.106803        0.990656     -0.10494       0.92          0   
                     0.059469        0.077017      0.29508       0.98          0   
                     0.055236        0.067907      0.22939       0.98          0   
                                            The SAS System           22:59 Saturday, June 14, 2025   2

 
                                                                Empirical    Relative
                 Effect           True Value        Estimate       Bias        Bias

                 age_strat_new         -4.77       -5.461457     -0.69282     0.14529
                 intercept            107.08      106.063149     -1.01426    -0.00947
                 x12                    8.70        8.752964      0.05627     0.00647
                 x17                   -1.61       -1.222430      0.38786    -0.24087
                 x18                   -7.92       -7.803559      0.11162    -0.01410
                 x6                     5.87        5.886752      0.01861     0.00317
                 y_bmi                  0.03        0.017344     -0.01107    -0.38966

                                                  Relative
                                                     SE                    P(reject
                 Empirical SE    Estimated SE    difference    Coverage       H0)

                     1.567490        1.336947     -0.14708       0.90          0   
                     3.503271        3.053333     -0.12843       0.94          0   
                     0.602278        0.624189      0.03638       0.96          0   
                     0.909464        0.737302     -0.18930       0.90          0   
                     0.879351        0.827187     -0.05932       0.90          0   
                     0.050300        0.066253      0.31715       1.00          0   
                     0.044689        0.055751      0.24754       0.96          0   
