                                                           The SAS System                            15:32 Monday, June 16, 2025   1

                                                                                                   Relative
                                             Empirical   Relative                                     SE                  P(reject
 Effect          True Value       Estimate      Bias       Bias     Empirical SE   Estimated SE   difference   Coverage      H0)

 Intercept           106.81     106.276956    -0.53550   -0.00501       4.259011       4.119975    -0.03265      0.95         0   
 age_strat_new        -4.80      -5.341020    -0.54174    0.11288       1.707358       1.653360    -0.03163      0.96         0   
 x12                   8.70       8.804040     0.10183    0.01170       0.763902       0.759510    -0.00575      0.93         0   
 x17                  -1.58      -1.289026     0.29160   -0.18448       1.125333       1.020947    -0.09276      0.94         0   
 x18                  -7.78      -7.697267     0.07916   -0.01018       1.035033       1.002953    -0.03099      0.93         0   
 x6                    5.86       5.871804     0.00739    0.00126       0.058562       0.076060     0.29881      0.98         0   
 y_bmi                 0.03       0.034111     0.00200    0.06237       0.054665       0.067529     0.23534      0.98         0   
                                                           The SAS System                            15:32 Monday, June 16, 2025   2

                                                                                                   Relative
                                             Empirical   Relative                                     SE                  P(reject
 Effect          True Value       Estimate      Bias       Bias     Empirical SE   Estimated SE   difference   Coverage      H0)

 Intercept           107.08     106.129346    -0.94806   -0.00885       3.146807       3.054410    -0.02936      0.96         0   
 age_strat_new        -4.77      -5.479745    -0.71110    0.14912       1.390611       1.333910    -0.04077      0.94         0   
 x12                   8.70       8.794418     0.09772    0.01124       0.612242       0.633990     0.03552      0.95         0   
 x17                  -1.61      -1.207631     0.40266   -0.25006       0.826275       0.745764    -0.09744      0.92         0   
 x18                  -7.92      -7.710622     0.20455   -0.02584       0.881320       0.837284    -0.04997      0.90         0   
 x6                    5.87       5.891770     0.02363    0.00403       0.050599       0.066080     0.30596      0.98         0   
 y_bmi                 0.03       0.013802    -0.01461   -0.51428       0.045644       0.056281     0.23305      0.97         0   
                                                           The SAS System                            15:32 Monday, June 16, 2025   3

                                                                                                   Relative
                                             Empirical   Relative                                     SE                  P(reject
 Effect          True Value       Estimate      Bias       Bias     Empirical SE   Estimated SE   difference   Coverage      H0)

 Intercept           107.08     106.644230    -0.43318   -0.00405       3.386497       3.196968    -0.05597      0.93         0   
 age_strat_new        -4.77      -3.606285     1.16236   -0.24375       1.497196       1.439076    -0.03882      0.90         0   
 x12                   8.70       8.615986    -0.08071   -0.00928       0.624676       0.617967    -0.01074      0.95         0   
 x17                  -1.61      -1.873077    -0.26278    0.16319       0.860553       0.766390    -0.10942      0.89         0   
 x18                  -7.92      -8.107679    -0.19250    0.02432       0.865929       0.816389    -0.05721      0.94         0   
 x6                    5.87       5.887144     0.01900    0.00324       0.054842       0.067028     0.22219      0.97         0   
 y_bmi                 0.03       0.029242     0.00083    0.02906       0.047525       0.056642     0.19185      1.00         0   
                                                           The SAS System                            15:32 Monday, June 16, 2025   4

                                                                                                   Relative
                                             Empirical   Relative                                     SE                  P(reject
 Effect          True Value       Estimate      Bias       Bias     Empirical SE   Estimated SE   difference   Coverage      H0)

 Intercept           106.81     107.222015     0.40956    0.00383       4.579082       4.266227    -0.06832      0.94         0   
 age_strat_new        -4.80      -3.608245     1.19104   -0.24817       1.876993       1.764634    -0.05986      0.92         0   
 x12                   8.70       8.670677    -0.03153   -0.00362       0.798063       0.740261    -0.07243      0.93         0   
 x17                  -1.58      -2.147292    -0.56667    0.35851       1.146013       1.023026    -0.10732      0.89         0   
 x18                  -7.78      -8.038618    -0.26219    0.03372       1.056053       0.987247    -0.06515      0.97         0   
 x6                    5.86       5.867595     0.00318    0.00054       0.064696       0.078047     0.20637      0.98         0   
 y_bmi                 0.03       0.048389     0.01628    0.50706       0.058417       0.069318     0.18660      0.95         0   
