                                                           The SAS System                        07:26 Friday, February 21, 2025   1

                                                                                                  Relative
                      True                  Empirical    Relative     Empirical     Estimated        SE                    P(reject
 Effect              Value      Estimate       Bias        Bias              SE            SE    difference    Coverage       H0)

 Intercept        105.9799        102.69     -3.29091    -0.03105          4.71          4.36     -0.075449      0.86        1.00  
 age_strat_new     -5.1666         -5.28     -0.11234     0.02174          1.73          1.61     -0.070481      0.90        0.86  
 x12                8.6968         11.13      2.43311     0.27977          0.89          0.83     -0.062037      0.17        1.00  
 x17               -1.5934         -1.06      0.53140    -0.33349          1.18          1.10     -0.071804      0.91        0.20  
 x18               -7.9049        -10.48     -2.58004     0.32639          1.15          1.09     -0.049519      0.38        1.00  
 x6                 5.8287          5.93      0.09659     0.01657          0.05          0.05      0.041544      0.45        1.00  
 y_bmi              0.0680          0.04     -0.03063    -0.45014          0.03          0.03     -0.091136      0.83        0.25  
                                                           The SAS System                        07:26 Friday, February 21, 2025   2

                                                                                                  Relative
                      True                  Empirical    Relative     Empirical     Estimated        SE                    P(reject
 Effect              Value      Estimate       Bias        Bias              SE            SE    difference    Coverage       H0)

 Intercept        107.0774        104.77     -2.30481    -0.02152          2.85          2.75     -0.03557       0.84        1.00  
 age_strat_new     -4.7686         -5.29     -0.51859     0.10875          1.14          1.07     -0.05934       0.88        0.99  
 x12                8.6967          9.92      1.22643     0.14102          0.67          0.61     -0.08870       0.45        1.00  
 x17               -1.6103         -1.09      0.52183    -0.32406          0.66          0.66     -0.00073       0.88        0.38  
 x18               -7.9152         -9.31     -1.39939     0.17680          0.89          0.82     -0.06878       0.58        1.00  
 x6                 5.8681          5.89      0.01910     0.00326          0.05          0.06      0.17040       0.97        1.00  
 y_bmi              0.0284          0.03     -0.00294    -0.10347          0.03          0.03     -0.02617       0.95        0.15  
