                                                           The SAS System                           20:06 Thursday, May 29, 2025   1

                                                                                                   Relative
                                             Empirical    Relative     Empirical     Estimated        SE                    P(reject
Effect           True Value      Estimate       Bias        Bias              SE            SE    difference    Coverage       H0)

Intercept            106.81         99.62     -7.19527    -0.06736          3.88          3.40     -0.12357       0.48        1.00  
age_strat_new         -4.80         -5.06     -0.26543     0.05531          1.42          1.31     -0.07768       0.92        0.94  
x12                    8.70         12.85      4.14396     0.47620          0.74          0.71     -0.04601       0.00        1.00  
x17                   -1.58         -0.54      1.03694    -0.65603          0.98          0.88     -0.10183       0.75        0.07  
x18                   -7.78        -11.73     -3.95559     0.50866          0.98          0.93     -0.04586       0.04        1.00  
x6                     5.86          5.99      0.12863     0.02193          0.03          0.04      0.10811       0.02        1.00  
y_bmi                  0.03          0.04      0.00842     0.26218          0.03          0.02     -0.08016       0.92        0.33  
                                                           The SAS System                           20:06 Thursday, May 29, 2025   2

                                                                                                   Relative
                                             Empirical    Relative     Empirical     Estimated        SE                    P(reject
Effect           True Value      Estimate       Bias        Bias              SE            SE    difference    Coverage       H0)

Intercept            107.08        102.75     -4.32606    -0.04040          2.44          2.19     -0.10184       0.48        1.00  
age_strat_new         -4.77         -4.76      0.00597    -0.00125          0.94          0.89     -0.05280       0.94        1.00  
x12                    8.70         10.61      1.91101     0.21974          0.54          0.52     -0.03762       0.03        1.00  
x17                   -1.61         -1.02      0.58933    -0.36598          0.60          0.55     -0.08360       0.80        0.42  
x18                   -7.92         -9.82     -1.90972     0.24127          0.77          0.69     -0.09894       0.24        1.00  
x6                     5.87          6.02      0.14910     0.02541          0.04          0.04      0.04419       0.05        1.00  
y_bmi                  0.03          0.02     -0.00405    -0.14242          0.03          0.03     -0.04926       0.95        0.14  
                                                           The SAS System                           20:06 Thursday, May 29, 2025   3

                                                                                                   Relative
                                             Empirical    Relative     Empirical     Estimated        SE                    P(reject
Effect           True Value      Estimate       Bias        Bias              SE            SE    difference    Coverage       H0)

Intercept            106.81         97.82     -8.99586    -0.08422          3.58          3.25     -0.09314       0.28        1.00  
age_strat_new         -4.80         -4.16      0.64359    -0.13410          1.31          1.26     -0.04130       0.90        0.85  
x12                    8.70         12.85      4.14365     0.47616          0.70          0.68     -0.02965       0.00        1.00  
x17                   -1.58         -0.57      1.01029    -0.63917          0.88          0.84     -0.04519       0.71        0.07  
x18                   -7.78        -11.97     -4.19710     0.53972          0.96          0.92     -0.04687       0.02        1.00  
x6                     5.86          5.99      0.12895     0.02199          0.03          0.03      0.12066       0.02        1.00  
y_bmi                  0.03          0.04      0.00868     0.27022          0.02          0.02     -0.05674       0.93        0.38  
                                                           The SAS System                           20:06 Thursday, May 29, 2025   4

                                                                                                   Relative
                                             Empirical    Relative     Empirical     Estimated        SE                    P(reject
Effect           True Value      Estimate       Bias        Bias              SE            SE    difference    Coverage       H0)

Intercept            107.08        101.63     -5.44879    -0.05089          2.28          2.07     -0.091909      0.30        1.00  
age_strat_new         -4.77         -3.90      0.86376    -0.18113          0.85          0.84     -0.013242      0.82        0.98  
x12                    8.70         10.59      1.89225     0.21758          0.51          0.49     -0.043602      0.02        1.00  
x17                   -1.61         -1.00      0.61198    -0.38004          0.55          0.52     -0.054074      0.80        0.36  
x18                   -7.92        -10.08     -2.16606     0.27366          0.72          0.66     -0.076569      0.14        1.00  
x6                     5.87          5.97      0.09837     0.01676          0.04          0.04      0.079798      0.30        1.00  
y_bmi                  0.03          0.03     -0.00068    -0.02404          0.03          0.02     -0.015808      0.95        0.17  
