                                                           The SAS System                          18:14 Wednesday, May 14, 2025   1

                                                                                                 Relative
                                              Empirical    Relative    Empirical    Estimated       SE                  P(reject
    Effect          True Value     Estimate      Bias        Bias             SE           SE   difference   Coverage      H0)

    Intercept           107.08       107.18     0.10576    0.000988         1.36         1.32    -0.027741     0.950       1.0  
    age_strat_new        -4.77        -4.74     0.02907   -0.006096         0.55         0.51    -0.068899     0.942       1.0  
    x12                   8.70         8.70     0.00051    0.000059         0.29         0.30     0.034909     0.954       1.0  
    x17                  -1.61        -1.64    -0.02734    0.016977         0.34         0.33    -0.034453     0.946       1.0  
    x18                  -7.92        -7.92    -0.00778    0.000982         0.40         0.38    -0.057094     0.938       1.0  
    x6                    5.87         5.87    -0.00058   -0.000099         0.02         0.02    -0.007147     0.958       1.0  
    y_bmi                 0.03         0.03     0.00007    0.002460         0.02         0.01    -0.041765     0.942       0.4  
