                                                           The SAS System                             09:58 Friday, May 30, 2025   1

                                                                                                   Relative
                                             Empirical    Relative     Empirical     Estimated        SE                    P(reject
Effect           True Value      Estimate       Bias        Bias              SE            SE    difference    Coverage       H0)

Intercept            106.81        107.67      0.85783     0.00803          1.32          1.41      0.07068       0.94         1.0  
age_strat_new         -4.80         -4.63      0.17040    -0.03551          0.59          0.59     -0.01228       0.93         1.0  
x12                    8.70          8.70      0.00268     0.00031          0.34          0.36      0.06764       0.95         1.0  
x17                   -1.58         -1.86     -0.28254     0.17875          0.34          0.36      0.06764       0.94         1.0  
x18                   -7.78         -7.83     -0.05301     0.00682          0.48          0.44     -0.07804       0.93         1.0  
x6                     5.86          5.85     -0.01100    -0.00188          0.02          0.02      0.03243       0.90         1.0  
y_bmi                  0.03          0.04      0.01155     0.35979          0.01          0.01     -0.13384       0.79         0.9  
                                                           The SAS System                             09:58 Friday, May 30, 2025   2

                                                                                                 Relative
                                              Empirical    Relative    Empirical    Estimated       SE                  P(reject
    Effect          True Value     Estimate      Bias        Bias             SE           SE   difference   Coverage      H0)

    Intercept           107.08       107.36     0.28718    0.002682         1.31         1.33     0.01161      0.96       1.00  
    age_strat_new        -4.77        -4.68     0.08866   -0.018593         0.53         0.51    -0.02971      0.96       1.00  
    x12                   8.70         8.69    -0.01056   -0.001214         0.31         0.30    -0.02627      0.92       1.00  
    x17                  -1.61        -1.68    -0.06726    0.041770         0.33         0.33    -0.00086      0.96       1.00  
    x18                  -7.92        -7.97    -0.05462    0.006901         0.41         0.38    -0.06673      0.94       1.00  
    x6                    5.87         5.87     0.00139    0.000236         0.02         0.02     0.05697      0.98       1.00  
    y_bmi                 0.03         0.03    -0.00084   -0.029501         0.02         0.01    -0.12247      0.93       0.48  
