                                                           The SAS System                        00:49 Friday, February 21, 2025   1

                                                                                                  Relative
                      True                  Empirical    Relative     Empirical     Estimated        SE                    P(reject
 Effect              Value      Estimate       Bias        Bias              SE            SE    difference    Coverage       H0)

 Intercept        105.9799        102.69     -3.29091    -0.03105          4.71          4.31     -0.085090      0.87        1.00  
 age_strat_new     -5.1666         -5.28     -0.11234     0.02174          1.73          1.62     -0.065699      0.90        0.88  
 x12                8.6968         11.13      2.43311     0.27977          0.89          0.85     -0.044580      0.20        1.00  
 x17               -1.5934         -1.06      0.53140    -0.33349          1.18          1.10     -0.071170      0.91        0.15  
 x18               -7.9049        -10.48     -2.58004     0.32639          1.15          1.11     -0.034733      0.34        1.00  
 x6                 5.8287          5.93      0.09659     0.01657          0.05          0.05      0.038015      0.43        1.00  
 y_bmi              0.0680          0.04     -0.03063    -0.45014          0.03          0.03     -0.099397      0.85        0.25  
